


 PROGRAM MNDO2019.
 VERSION 8.0 OF 15 AUGUST 2019.

 COPYRIGHT BY WALTER THIEL,
 MAX-PLANCK-INSTITUT FUER KOHLENFORSCHUNG,
 D-45470 MUELHEIM, GERMANY.


 ***** STANDARD INPUT USING KEYWORDS *****

 IOP    =   -6     JOP    =   -2     IGEOM  =    1     IFORM  =    1     IEF    =    1
 ICUTS  =   -1     ICUTG  =   -1     ISCF   =    9     IPLSCF =    9     IPRINT =    1
 MPRINT =    5     IPREC  =  100     IMULT  =    1     KITSCF = 2000     KCI    =    5
 ICI1   =   10     ICI2   =    8     IOUTCI =    1     MOVO   =    0     NCIREF =    3
 MCIREF =    0     LEVEXC =    2     IROOT  =    3     IUVCD  =    2     IMOMAP =    1
 NCIGRD =    3     ICROSS =    7


 DSTEP  =  0.0000  DPREC  =  0.0000


 ***********************************************************************
 * INPUT OF OPTIONS VIA KEYWORDS
 * NUMBER OF MNDO97 KEYWORDS FOUND: 27
 * MOPAC KEYWORDS NOT FOUND: IMOPAC=-1
 ***********************************************************************



 *** OPTIONS FROM THE FIRST LINE OF INPUT    ***
 *** DEFINED EITHER EXPLICITLY OR BY DEFAULT ***

 LIMIT  =    0     IOP    =   -6     JOP    =   -2     IGEOM  =    1     IFORM  =    1
 NEXMOL =    1     MPLIB  =    0     IEF    =    1     IDIIS  =    0     INREFD =    0
 IPAROK =    0     MMINP  =    0     NMR    =    0     NSAV7  =    0     NSAV8  =    0
 NSAV9  =    0     NSAV13 =    0     NSAV15 =    0     NSAV16 =    0     IMMOK  =    0
 IHBOND =    0     IFLD1  =    0     IFLD2  =    0     IFLD3  =    0     ICUTS  =   -1
 ICUTG  =   -1     IEXBAS =    0     ICOSMO =    0     IPSANA =    0     IMMDP  =   -1
 INAC   =    0



 OM2    

 GRADIENT CALCULATION FOR INPUT GEOMETRY

 EIGENVECTOR FOLLOWING IN GEOMETRY OPTIMIZATION

 INPUT IN CARTESIAN COORDINATES

 INPUT OF MOLECULAR DATA IN FREE FORMAT



 *** OPTIONS FROM THE SECOND LINE OF INPUT   ***
 *** DEFINED EITHER EXPLICITLY OR BY DEFAULT ***


 MAXEND =    0     MAXLIN =    4     MAXRTL = 9999     ISCF   =    9     IPLSCF =    9
 MIDDLE =    0     IPRINT =    1     KPRINT =    0     LPRINT =    0     MPRINT =    5
 JPRINT =    0     IPREC  =  100     ICONV  =    0     IHESS  =    0     IDFP   =    0
 NREPET =    3     LINITG =   10     LCONVG =   10     LGDUM  =    0     IHDLC1 =    0
 IHDLC2 =    0     IHDLC3 =    0     INGEOM =    0     INTDIR =    0     LINDMS =    0
 LINDIA =    0     LINFRG =    0     INPFRG =    0     INP21  =    0     INP22  =    0
 INP23  =    0     INP24  =    0     INP25  =    0     IATERG =    1



 auto-generated                                                                  
                                                                                 


     INPUT GEOMETRY


      ATOM      ATOMIC              X-COORDINATE         Y-COORDINATE         Z-COORDINATE
     NUMBER     NUMBER               (ANGSTROMS)          (ANGSTROMS)          (ANGSTROMS)

        1          6                  -5.44852             -0.12441             -0.57974  
        2          1                  -5.19913             -0.43446             -1.59877  
        3          1                  -6.24844             -0.53000              0.02652  
        4          6                  -3.98835              1.69123              0.50614  
        5          1                  -2.89958              1.79648              0.36667  
        6          1                 -10.83657              2.28443              5.42108  
        7          8                  -4.56471              0.68045             -0.10127  



     **********

     *  VARIABLES TO BE OPTIMIZED, OF WHICH THERE ARE   0



     INITIAL INTERATOMIC DISTANCES (ANGSTROMS)


             1           2           3           4           5           6           7
 ----------------------------------------------------------------------------------------
   1      0.00000
   2      1.09396     0.00000
   3      1.08256     1.93694     0.00000
   4      2.57055     3.22726     3.20499     0.00000
   5      3.32905     3.75873     4.09184     1.10270     0.00000
   6      8.41686     9.40486     7.62058     8.45025     9.42237     0.00000
   7      1.28757     1.97181     2.07761     1.31256     2.05844     8.50913     0.00000



 MOLECULAR CHARGE         0
 NUMBER OF ELECTRONS     18
 DOUBLY OCCUPIED MOS      8
 ONE ELECTRON IN MO       9
 ONE ELECTRON IN MO      10
 MULTIPLICITY             1


 *** OPTIONS FOR THE MOLECULE UNDER STUDY    ***
 *** DEFINED EITHER EXPLICITLY OR BY DEFAULT ***

 KHARGE =    0     IMULT  =    1     KTRIAL =    0     KGEOM  =    0     IPUBO  =    0
 IUHF   =    0     KITSCF = 2000     NPRINT =    0     IFAST  =    0     IDIAG  =    0
 KSYM   =    0     NUMSYM =    0     KCI    =    5     NSTART =    4     NSTEP  =    4

 INGUGA: ICI2 RESET FROM   8 TO   6



 *** OPTIONS FOR THE GUGA-CI CALCULATIONS    ***
 *** DEFINED EITHER EXPLICITLY OR BY DEFAULT ***

 ICI1   =   10     ICI2   =    6     IOUTCI =    1     MOVO   =    0     MPERT  =    0
 NCIREF =    3     MCIREF =    0     LEVEXC =    2     IROOT  =    3     LROOT  =    1
 CICHG  =    0     MULTCI =    1     NCISYM =    0     CIDIR  =    1     CIDIAG =    0
 IUVCD  =    2     IMCD   =    0     IPOP   =    0     CIPLOT =    0     CILEAD = 1000
 JCI1   =    0     JCI2   =    0     PIPOP  = 4000     INATUR =    0     CISELT =   85
 IMOMAP =    1     GUG157 =    0     KEEPCI =    0     NCIGRD =    3     ICROSS =    7
 MINDAV =    0     MAXDAV =    0     KITDAV =    0     NRMDAV =    7     MAXMAP =    5
 MAPTHR =   90     NCONJ  =    0     GUG168 =    0     GUG169 =    0     GUG170 =    0



 ORBITALS INCLUDED IN THE ACTIVE CI SPACE.
 THE NUMBERING REFERS TO THE SCF SOLUTION.

 MOS        1   2   3   4   5   6   7   8   9  10  11  12  13  14  15  16

 MOSYM      0   0   0   0   0   0   0   0   0   0   0   0   0   0   0   0



 REFERENCE CONFIGURATIONS FOR GUGA-CI.
 OCCUPATION NUMBERS FOR THE ACTIVE ORBITALS.

 REF  1     2   2   2   2   2   2   2   2   2   0   0   0   0   0   0   0

 REF  2     2   2   2   2   2   2   2   2   1   1   0   0   0   0   0   0

 REF  3     2   2   2   2   2   2   2   2   0   2   0   0   0   0   0   0



 *** OPTIONS FOR MULTIPLE SURFACE CALCULATION ***


 NUMBER OF CI GRADIENT VECTORS COMPUTED:    3
 LABELS OF THE ASSOCIATE CI STATES:      1  2  3

 ANALYTICAL GRADIENT SELECTED BY DEFAULT.

 CHKANA: IPSANA =  1, ISKPA = -3, ISKPAF =  0




 -----------------------------------------------------------------------
 CI CALCULATION FOR STATE:  1
 -----------------------------------------------------------------------



     auto-generated                                                                  
                                                                                     



     EIGENVALUES AND EIGENVECTORS.


                         1           2           3           4           5           6           7           8           9

                    -39.13495   -24.75825   -19.96067   -17.80348   -16.49427   -15.43336   -12.96564    -9.03423    -6.20749

  1  C (1)   s        0.22662     0.62637    -0.48880     0.01329     0.02797    -0.09167     0.01478    -0.00103    -0.00000
  2  C (1)   x        0.09309     0.04356     0.22780    -0.28152    -0.15778     0.22814     0.30869    -0.18304     0.00000
  3  C (1)   y        0.08607     0.01110     0.19562     0.01790     0.28124     0.33048    -0.00375     0.21196     0.00000
  4  C (1)   z        0.05132     0.01120     0.08885     0.43297    -0.20527     0.21542    -0.39293    -0.17870    -0.00000

  5  H (2)   s        0.04045     0.19499    -0.23215    -0.25436     0.06165    -0.21102     0.40482     0.12674     0.00000

  6  H (3)   s        0.03295     0.18646    -0.28341     0.24323    -0.05059    -0.16236    -0.40144    -0.09780     0.00000

  7  C (4)   s        0.20112    -0.47082    -0.58462    -0.01187     0.02589     0.32531     0.15603    -0.39103    -0.00000
  8  C (4)   x       -0.05094    -0.01178    -0.13691    -0.22931    -0.27151     0.24237    -0.21711     0.46339     0.00000
  9  C (4)   y       -0.10153     0.10207    -0.04716    -0.07823     0.13509     0.28799    -0.04251    -0.33936    -0.00000
 10  C (4)   z       -0.06263     0.07139    -0.00788     0.13626    -0.16953     0.13221     0.25509    -0.17135     0.00000

 11  H (5)   s        0.03392    -0.15238    -0.29661    -0.14266    -0.13739     0.34602    -0.13193     0.46925     0.00000

 12  H (6)   s        0.00000     0.00000    -0.00000     0.00000    -0.00000    -0.00000    -0.00000    -0.00000     1.00000

 13  O (7)   s        0.93193    -0.05358     0.21722    -0.01176    -0.02803    -0.06327    -0.04935     0.04601     0.00000
 14  O (7)   x       -0.01586    -0.31772    -0.05654    -0.38636    -0.41902    -0.47644    -0.23187    -0.17324    -0.00000
 15  O (7)   y        0.00506    -0.35395    -0.14069     0.07988     0.65045    -0.26485    -0.09100     0.15148    -0.00000
 16  O (7)   z        0.00381    -0.20758    -0.08854     0.59613    -0.32715    -0.16485     0.45255     0.27672     0.00000



                        10          11          12          13          14          15          16
                     -3.80038     1.54664     1.69209     3.55933     5.06737     5.58511     8.78636

  1  C (1)   s        0.03595     0.07295    -0.45719     0.22626     0.02233    -0.03907    -0.19735
  2  C (1)   x       -0.44429     0.30075    -0.14123    -0.26064     0.29333     0.19748    -0.38960
  3  C (1)   y        0.58492    -0.21150    -0.21278    -0.36243     0.21496    -0.12146    -0.31011
  4  C (1)   z       -0.25358     0.12129    -0.11126    -0.21334    -0.23514    -0.55644    -0.15872

  5  H (2)   s       -0.09530    -0.12732     0.36800    -0.45389    -0.20695    -0.45141    -0.01178

  6  H (3)   s        0.02930     0.02705     0.42311    -0.41999     0.35184     0.36825    -0.09283

  7  C (4)   s        0.10791     0.01191    -0.14459    -0.18005    -0.09847     0.08118     0.17552
  8  C (4)   x        0.02816     0.09355     0.02840    -0.10774    -0.58167     0.34672    -0.22602
  9  C (4)   y       -0.14932    -0.59165     0.30808     0.31759    -0.10787     0.04422    -0.41360
 10  C (4)   z        0.46619     0.53212     0.42314     0.28413    -0.04497    -0.11423    -0.23743

 11  H (5)   s       -0.18348     0.01650     0.18338     0.26311     0.50461    -0.31071     0.05590

 12  H (6)   s       -0.00000    -0.00000    -0.00000     0.00000    -0.00000    -0.00000     0.00000

 13  O (7)   s        0.00402    -0.05956     0.20601     0.12788    -0.08657     0.04437     0.01229
 14  O (7)   x        0.23314    -0.11671    -0.14266     0.03556     0.11558    -0.19530    -0.34482
 15  O (7)   y       -0.19761     0.29752     0.01957     0.09273    -0.07807    -0.02412    -0.42525
 16  O (7)   z       -0.07604    -0.28248    -0.08028     0.02321     0.04533     0.12913    -0.25849




     SCF HEAT OF FORMATION      141.68884 KCAL/MOL
     SCF BINDING ENERGY         -20.29653 EV
     SCF TOTAL ENERGY          -638.30638 EV
     ELECTRONIC ENERGY        -1454.55369 EV
     NUCLEAR ENERGY             816.24731 EV
     IONIZATION ENERGY           10.22438 EV
     IONIZATION ENERGY (2)       10.35286 EV
     HALF ELECTRON TERM          -5.28469 EV
     INTEGRAL J11                12.84800 EV
     INTEGRAL J22                 8.29075 EV
     INTEGRAL K12                 0.00000 EV
     SCF CYCLES                  30



     NET ATOMIC CHARGES AND ORBITAL POPULATIONS.

     ATOM    I        CHARGE      DENSITY        S          PX          PY          PZ

      C      1       -0.18914     4.18914     1.38569     0.89229     0.90088     1.01028
      H      2        0.21787     0.78213     0.78213
      H      3        0.24920     0.75080     0.75080
      C      4        0.20449     3.79551     1.78724     0.93758     0.51675     0.55393
      H      5       -0.05147     1.05147     1.05147
      H      6       -0.00000     1.00000     1.00000
      O      7       -0.43094     6.43094     1.85608     1.53437     1.39093     1.64956



     DIPOLE              X           Y           Z         TOTAL

     POINT-CHARGE    -1.72189    -1.16747    -0.49851     2.13925
     HYBRID           0.89885    -0.64610    -0.48514     1.20861
     SUM             -0.82304    -1.81357    -0.98365     2.22126


     POINT GROUP C1. NO SYMMETRY.



    MO     EIGENVALUE     LABEL   NSYM  IMOSYM     OCC.    ACTIVE

     1      -39.13495      A        1      1     2.00000      2
     2      -24.75825      A        1      2     2.00000      2
     3      -19.96067      A        1      3     2.00000      2
     4      -17.80348      A        1      4     2.00000      2
     5      -16.49427      A        1      5     2.00000      2
     6      -15.43336      A        1      6     2.00000      2
     7      -12.96564      A        1      7     2.00000      2
     8       -9.03423      A        1      8     2.00000      2
     9       -6.20749      A        1      9     1.00000      1
    10       -3.80038      A        1     10     1.00000      1
    11        1.54664      A        1     11     0.00000      0
    12        1.69209      A        1     12     0.00000      0
    13        3.55933      A        1     13     0.00000      0
    14        5.06737      A        1     14     0.00000      0
    15        5.58511      A        1     15     0.00000      0
    16        8.78636      A        1     16     0.00000      0



 REFERENCE CONFIGURATIONS

    1   2   3   4   5   6   7   8   9  10  11  12  13  14  15  16
    A   A   A   A   A   A   A   A   A   A   A   A   A   A   A   A
    2   2   2   2   2   2   2   2   2   0   0   0   0   0   0   0
    2   2   2   2   2   2   2   2   1   1   0   0   0   0   0   0
    2   2   2   2   2   2   2   2   0   2   0   0   0   0   0   0


 Point group used in GUGA-CI calculation:  C1


 There are      6700 CI basis functions of symmetry A   (1).
 There are      6700 CI basis functions in the CI problem.
 There are      6700 CI basis functions represented by the DRT.


 Reference configurations and corresponding GUGA-CI many-electron basis functions:

               1   2   3   4   5   6   7   8   9  10  11  12  13  14  15  16
 Ref.      1   2   2   2   2   2   2   2   2   2   0   0   0   0   0   0   0
 CSF       1  ab  ab  ab  ab  ab  ab  ab  ab  ab   -   -   -   -   -   -   -

               1   2   3   4   5   6   7   8   9  10  11  12  13  14  15  16
 Ref.      2   2   2   2   2   2   2   2   2   1   1   0   0   0   0   0   0
 CSF       2  ab  ab  ab  ab  ab  ab  ab  ab   a   b   -   -   -   -   -   -

               1   2   3   4   5   6   7   8   9  10  11  12  13  14  15  16
 Ref.      3   2   2   2   2   2   2   2   2   0   2   0   0   0   0   0   0
 CSF      11  ab  ab  ab  ab  ab  ab  ab  ab   -  ab   -   -   -   -   -   -

 Orbital level separating upper and lower part of the DRT:   9

 Total number of upper partial loops:          7694
 Total number of lower partial loops:         22619
 Total number of complete one-body loops:       687
 Total number of complete two-body loops:      9177
 
 ==========================================================
 
 Results of CI calculation:
 
 Correlation energy for CI root   1:         -6.60426651 eV
 Total energy:                             -639.62595599 eV
 Electronic energy:                       -1455.87326425 eV
 Nuclear energy:                            816.24730826 eV
 

 ---------------------------------------------------------------
 State  1,  Mult. 1,  E-E(1)=  0.000000 eV,  E=   -639.625956 eV
 ---------------------------------------------------------------

   -638.31      0.948725       2     1   2   3   4   5   6   7   8   9  10  11  12  13  14  15  16
                                    ab  ab  ab  ab  ab  ab  ab  ab   a   b   -   -   -   -   -   -
 
   -633.74     -0.135429      66     1   2   3   4   5   6   7   8   9  10  11  12  13  14  15  16
                                    ab  ab  ab  ab  ab  ab  ab   a   b   a   b   -   -   -   -   -
 

 ---------------------------------------------------------------
 State  2,  Mult. 1,  E-E(1)=  1.431786 eV,  E=   -638.194170 eV
 ---------------------------------------------------------------

   -635.55      0.659987      12     1   2   3   4   5   6   7   8   9  10  11  12  13  14  15  16
                                    ab  ab  ab  ab  ab  ab  ab   a   b  ab   -   -   -   -   -   -
 
   -635.65     -0.530189      56     1   2   3   4   5   6   7   8   9  10  11  12  13  14  15  16
                                    ab  ab  ab  ab  ab  ab  ab  ab   a   -   b   -   -   -   -   -
 
   -633.74      0.301238      66     1   2   3   4   5   6   7   8   9  10  11  12  13  14  15  16
                                    ab  ab  ab  ab  ab  ab  ab   a   b   a   b   -   -   -   -   -
 
   -634.94     -0.242266     110     1   2   3   4   5   6   7   8   9  10  11  12  13  14  15  16
                                    ab  ab  ab  ab  ab  ab  ab   a   a   b   b   -   -   -   -   -
 
   -632.15     -0.189546     219     1   2   3   4   5   6   7   8   9  10  11  12  13  14  15  16
                                    ab  ab  ab  ab  ab  ab  ab   a   b   -  ab   -   -   -   -   -
 
   -638.31      0.145319       2     1   2   3   4   5   6   7   8   9  10  11  12  13  14  15  16
                                    ab  ab  ab  ab  ab  ab  ab  ab   a   b   -   -   -   -   -   -
 
   -631.67     -0.143486     154     1   2   3   4   5   6   7   8   9  10  11  12  13  14  15  16
                                    ab  ab  ab  ab  ab  ab  ab   -   a  ab   b   -   -   -   -   -
 

 ---------------------------------------------------------------
 State  3,  Mult. 1,  E-E(1)=  1.885974 eV,  E=   -637.739982 eV
 ---------------------------------------------------------------

   -636.22      0.867135     371     1   2   3   4   5   6   7   8   9  10  11  12  13  14  15  16
                                    ab  ab  ab  ab  ab  ab  ab  ab   a   -   -   b   -   -   -   -
 
   -633.75      0.239451     425     1   2   3   4   5   6   7   8   9  10  11  12  13  14  15  16
                                    ab  ab  ab  ab  ab  ab  ab   a   a   b   -   b   -   -   -   -
 
   -635.65     -0.199160      56     1   2   3   4   5   6   7   8   9  10  11  12  13  14  15  16
                                    ab  ab  ab  ab  ab  ab  ab  ab   a   -   b   -   -   -   -   -
 
   -631.25      0.129239    1057     1   2   3   4   5   6   7   8   9  10  11  12  13  14  15  16
                                    ab  ab  ab  ab  ab  ab  ab   a   a   b   -   -   b   -   -   -
 
   -634.02      0.116265    1003     1   2   3   4   5   6   7   8   9  10  11  12  13  14  15  16
                                    ab  ab  ab  ab  ab  ab  ab  ab   a   -   -   -   b   -   -   -
 
   -633.64     -0.102114     381     1   2   3   4   5   6   7   8   9  10  11  12  13  14  15  16
                                    ab  ab  ab  ab  ab  ab  ab   a   b   a   -   b   -   -   -   -
 



 Using basis sets ECP-3G (first-row elements) and ECP-4G (second-row
 elements) for the evaluation spectroscopic observables.


 AO basis set for the evaluation of spectroscopic observables:

                                          0
  1   1   1    0.4839096916E+01    0.1543289673E+00
  1   1   2    0.8814475439E+00    0.5353281423E+00
  1   1   3    0.2385541045E+00    0.4446345422E+00

                                          0                   1
  6   1   1    0.5335867171E+01   -0.1918800000E+00    0.2025900000E+00
  6   1   2    0.1093759362E+01    0.6162800000E+00    0.5583000000E+00
  6   1   3    0.2918440087E+00    0.5489600000E+00    0.4551400000E+00

                                          0                   1
  8   1   1    0.1152778066E+02   -0.1924800000E+00    0.2415800000E+00
  8   1   2    0.2405781781E+01    0.6695200000E+00    0.5589000000E+00
  8   1   3    0.6188395415E+00    0.5027000000E+00    0.4316000000E+00



 State dipole moments:

   #    Symmetry       eV         cm-1     mu_r(x)/D   mu_r(y)/D   mu_r(z)/D    |mu_r|/D     phi/deg   theta/deg
   1     A   (1)    0.000000        0.00   -1.251374   -1.394537   -0.600496    1.967553   -131.9029    107.7702
   2     A   (1)    1.431786    11548.72   -0.334312   -0.890869   -0.530539    1.089442   -110.5694    119.1424
   3     A   (1)    1.885974    15212.18   -0.170392   -0.924762   -0.398609    1.021327   -100.4399    112.9723



 Properties of transitions   1 -> #:

   #    Symmetry       eV         cm-1        nm        f_r         f_p         f_rp        R/DBM
   2     A   (1)    1.431786    11548.72    865.90    0.001392    0.013894    0.000577   -0.100809
   3     A   (1)    1.885974    15212.18    657.37    0.002224    0.527655    0.022686    1.179093



 Dipole-length electric dipole transition moments   1 -> #:

   #    Symmetry       eV         cm-1     mu_r(x)/D   mu_r(y)/D   mu_r(z)/D    |mu_r|/D     phi/deg   theta/deg
   2     A   (1)    1.431786    11548.72   -0.505350   -0.001418    0.030639    0.506280   -179.8392     86.5305
   3     A   (1)    1.885974    15212.18    0.305036   -0.060523   -0.462779    0.557561    -11.2225    146.0993



 Dipole-velocity electric dipole transition moments   1 -> #:

   #    Symmetry       eV         cm-1     mu_p(x)/D   mu_p(y)/D   mu_p(z)/D    |mu_p|/D     phi/deg   theta/deg
   2     A   (1)    1.431786    11548.72   -0.282252   -0.977602   -1.234240    1.599600   -106.1044    140.4971
   3     A   (1)    1.885974    15212.18    5.143607   -6.354976   -2.632306    8.589031    -51.0139    107.8468



 Magnetic dipole transition moments   1 -> #:

   #    Symmetry       eV         cm-1      m(x)/iBM    m(y)/iBM    m(z)/iBM      |m|/BM     phi/deg   theta/deg
   2     A   (1)    1.431786    11548.72   -0.013001    0.213518   -0.247825    0.327378     93.4844    139.2003
   3     A   (1)    1.885974    15212.18   -0.131750    0.637639   -1.348917    1.497838    101.6743    154.2339




 CI HEAT OF FORMATION       111.25805 KCAL/MOL

 CI DERIVATIVES ARE COMPUTED WITH: 
 NCIO   =       16 NCIC  =        1 ICIMOD =        6 ( GUGA-CI            ) 
 NCIGAM =     9316 NCIFS =        1 NCIES  =        1

  FASTEST AVAILABLE PROFILE ( 67) WITH EXPECTED EXECUTION TIME OF         0.52 SECONDS
 REQUIRES        42583 WORDS OF MEMORY AND            0 WORDS OF DISK SPACE

 SMALLEST AVAILABLE PROFILE ( 67) WITH EXPECTED EXECUTION TIME OF         0.52 SECONDS
 REQUIRES        42583 WORDS OF MEMORY AND            0 WORDS OF DISK SPACE

 SELECTED PROFILE  67 WITH EXPECTED EXECUTION TIME             0.521 SECONDS 
 ESTIMATED NUMBER OF CPHF ITERATIONS PER VARIABLE:    16
 MEMORY REQUIRED    :     42583 WORDS
  SETTING UP TOOK                                 0.000 SECONDS (EXPECTED          0.025)
  INTEGRALS TOOK                                  0.002 SECONDS (EXPECTED          0.482)
  Z-VECTOR RHS TOOK                               0.001 SECONDS (EXPECTED          0.010)
 USING CONSTANT SHIFT VALUE OF -.61772553062619E-01 A.U.
 USING CONSTANT SHIFT VALUE OF -.24992189376777     A.U.
 USING CONSTANT SHIFT VALUE OF -.98474223637397E-01 A.U.
  SHIFT TOOK                                      0.000 SECONDS (EXPECTED          0.001)
  CONDITIONER TOOK                                0.000 SECONDS (EXPECTED          0.000)
 USING LOCALLY ORTHOGONAL GENCG SOLVER.    1 EQUATIONS WILL BE SOLVED AT ONCE. 
   15 BASIS VECTORS WILL BE USED AS A STABILIZATION TRAIL.
 CPHF SOLUTION FOR VARIABLE     0 CONVERGED AFTER    13 ITERATIONS (ERR = 0.444143E-08)
 ITERATIVE SOLVER STATISTICS:
     CALLS TO SOLVER                                                1.
     LINEAR EQUATIONS SOLVED                                        1.
     ITERATIONS MADE                                               13.
     MAXIMUM ITERATIONS MADE FOR A BATCH OF RHS                    13.
     RESPONSE VECTORS COMPUTED                                     13.
     AVERAGE RESPONSE VECTORS PER VARIABLE                  13.0000000
     BASIS VECTORS REJECTED BY SVD                                  0.
     BASIS VECTORS REMOVED DUE TO MEMORY CONSTRAINTS                0.
     MAXIMUM NUMBER OF BASIS VECTORS USED                          13.

     DDOTs COMPUTED                                               455.
     DAXPYs COMPUTED                                              286.
     AUXILIARY LINEAR SYSTEMS SOLVED                               13.
     RESIDUALS CONPUTED                                            26.
     ORTHOGONALIZATION PROBLEMS SOLVED                             12.
     DEFECTIVE ORTHOGONALIZATIONS ENCOUNTERED                       0.
     SVD CALLS MADE                                                 0.
     SVD CUMULATIVE COMPLEXITY                                      0.
     BASIS SPACE COMPACTIONS                                        0.
     BASIS VECTORS REMOVED BY SHARED BASIS CONSTRAINTS              0.
  CPHF SOLUTION TOOK                              0.001 SECONDS (EXPECTED          0.002)
  Z-VECTOR MO TO AO TOOK                          0.000 SECONDS (EXPECTED          0.000)
  SUMMATION TOOK                                  0.001 SECONDS (EXPECTED          0.000)
  TOTAL TIME FOR ANALYTICAL DERIVATIVES           0.004 SECONDS (EXPECTED          0.521)



     TIME FOR ENERGY EVALUATION       0.315 SECONDS
     TIME FOR GRADIENT EVALUATION     0.004 SECONDS



                          COORDINATES (ANGSTROM)               GRADIENTS (KCAL/(MOL*ANGSTROM))

        I   NI          X           Y           Z                X           Y           Z

        1      6     -0.54485157E+001    -0.12440657E+000    -0.57973816E+000        0.18244879E+002     0.16653790E+002     0.22804262E+002
        2      1     -0.51991346E+001    -0.43446146E+000    -0.15987658E+001        0.85504172E+001     0.85220821E+001     0.13790518E+002
        3      1     -0.62484434E+001    -0.53000271E+000     0.26524090E-001        0.66826476E+001     0.29305015E+001    -0.91644200E+001
        4      6     -0.39883493E+001     0.16912302E+001     0.50613681E+000        0.76500118E+002    -0.26151211E+002    -0.25601614E+002
        5      1     -0.28995753E+001     0.17964806E+001     0.36667273E+000       -0.55797476E+002     0.13739882E+002     0.16758706E+002
        6      1     -0.10836574E+002     0.22844266E+001     0.54210809E+001        0.13260373E-007    -0.34119102E-007    -0.32462718E-007
        7      8     -0.45647101E+001     0.68044825E+000    -0.10126509E+000       -0.54180586E+002    -0.15695044E+002    -0.18587452E+002


     CARTESIAN GRADIENT NORM                126.11646



     GRADIENTS FOR GEOMETRY OPTIMIZATION

        I   LOCATION             VARIABLE    GRADIENT



     GRADIENT NORM                            0.00000




 -----------------------------------------------------------------------
 CI CALCULATION FOR STATE:  2
 -----------------------------------------------------------------------

 CI HEAT OF FORMATION       111.25805 KCAL/MOL

 CI DERIVATIVES ARE COMPUTED WITH: 
 NCIO   =       16 NCIC  =        1 ICIMOD =        6 ( GUGA-CI            ) 
 NCIGAM =     9316 NCIFS =        1 NCIES  =        1

  FASTEST AVAILABLE PROFILE ( 67) WITH EXPECTED EXECUTION TIME OF         0.52 SECONDS
 REQUIRES        42583 WORDS OF MEMORY AND            0 WORDS OF DISK SPACE

 SMALLEST AVAILABLE PROFILE ( 67) WITH EXPECTED EXECUTION TIME OF         0.52 SECONDS
 REQUIRES        42583 WORDS OF MEMORY AND            0 WORDS OF DISK SPACE

 SELECTED PROFILE  67 WITH EXPECTED EXECUTION TIME             0.521 SECONDS 
 ESTIMATED NUMBER OF CPHF ITERATIONS PER VARIABLE:    16
 MEMORY REQUIRED    :     42583 WORDS
  SETTING UP TOOK                                 0.000 SECONDS (EXPECTED          0.025)
  INTEGRALS TOOK                                  0.001 SECONDS (EXPECTED          0.482)
  Z-VECTOR RHS TOOK                               0.001 SECONDS (EXPECTED          0.010)
 USING CONSTANT SHIFT VALUE OF -.61772553062619E-01 A.U.
 USING CONSTANT SHIFT VALUE OF -.24992189376777     A.U.
 USING CONSTANT SHIFT VALUE OF -.98474223637397E-01 A.U.
  SHIFT TOOK                                      0.000 SECONDS (EXPECTED          0.001)
  CONDITIONER TOOK                                0.000 SECONDS (EXPECTED          0.000)
 USING LOCALLY ORTHOGONAL GENCG SOLVER.    1 EQUATIONS WILL BE SOLVED AT ONCE. 
   15 BASIS VECTORS WILL BE USED AS A STABILIZATION TRAIL.
 CPHF SOLUTION FOR VARIABLE     0 CONVERGED AFTER    13 ITERATIONS (ERR = 0.770165E-08)
 ITERATIVE SOLVER STATISTICS:
     CALLS TO SOLVER                                                1.
     LINEAR EQUATIONS SOLVED                                        1.
     ITERATIONS MADE                                               13.
     MAXIMUM ITERATIONS MADE FOR A BATCH OF RHS                    13.
     RESPONSE VECTORS COMPUTED                                     13.
     AVERAGE RESPONSE VECTORS PER VARIABLE                  13.0000000
     BASIS VECTORS REJECTED BY SVD                                  0.
     BASIS VECTORS REMOVED DUE TO MEMORY CONSTRAINTS                0.
     MAXIMUM NUMBER OF BASIS VECTORS USED                          13.

     DDOTs COMPUTED                                               455.
     DAXPYs COMPUTED                                              286.
     AUXILIARY LINEAR SYSTEMS SOLVED                               13.
     RESIDUALS CONPUTED                                            26.
     ORTHOGONALIZATION PROBLEMS SOLVED                             12.
     DEFECTIVE ORTHOGONALIZATIONS ENCOUNTERED                       0.
     SVD CALLS MADE                                                 0.
     SVD CUMULATIVE COMPLEXITY                                      0.
     BASIS SPACE COMPACTIONS                                        0.
     BASIS VECTORS REMOVED BY SHARED BASIS CONSTRAINTS              0.
  CPHF SOLUTION TOOK                              0.000 SECONDS (EXPECTED          0.002)
  Z-VECTOR MO TO AO TOOK                          0.000 SECONDS (EXPECTED          0.000)
  SUMMATION TOOK                                  0.000 SECONDS (EXPECTED          0.000)
  TOTAL TIME FOR ANALYTICAL DERIVATIVES           0.003 SECONDS (EXPECTED          0.521)
     TIME FOR GRADIENT EVALUATION     0.003 SECONDS



                          COORDINATES (ANGSTROM)               GRADIENTS (KCAL/(MOL*ANGSTROM))

        I   NI          X           Y           Z                X           Y           Z

        1      6     -0.54485157E+001    -0.12440657E+000    -0.57973816E+000        0.43595752E+002     0.27260441E+002     0.28167370E+002
        2      1     -0.51991346E+001    -0.43446146E+000    -0.15987658E+001        0.48788460E+001     0.86519243E+001     0.58276563E+001
        3      1     -0.62484434E+001    -0.53000271E+000     0.26524090E-001        0.50654420E+001    -0.10548872E+001    -0.59356015E+001
        4      6     -0.39883493E+001     0.16912302E+001     0.50613681E+000        0.43739621E+002     0.81379492E+001    -0.83716647E+001
        5      1     -0.28995753E+001     0.17964806E+001     0.36667273E+000       -0.23102558E+002    -0.30723018E+001     0.70034120E+001
        6      1     -0.10836574E+002     0.22844266E+001     0.54210809E+001        0.98228796E-008    -0.31972428E-007    -0.23790405E-007
        7      8     -0.45647101E+001     0.68044825E+000    -0.10126509E+000       -0.74177103E+002    -0.39923125E+002    -0.26691172E+002


     CARTESIAN GRADIENT NORM                118.66736



     GRADIENTS FOR GEOMETRY OPTIMIZATION

        I   LOCATION             VARIABLE    GRADIENT



     GRADIENT NORM                            0.00000




 -----------------------------------------------------------------------
 CI CALCULATION FOR STATE:  3
 -----------------------------------------------------------------------

 CI HEAT OF FORMATION       111.25805 KCAL/MOL

 CI DERIVATIVES ARE COMPUTED WITH: 
 NCIO   =       16 NCIC  =        1 ICIMOD =        6 ( GUGA-CI            ) 
 NCIGAM =     9316 NCIFS =        1 NCIES  =        1

  FASTEST AVAILABLE PROFILE ( 67) WITH EXPECTED EXECUTION TIME OF         0.52 SECONDS
 REQUIRES        42583 WORDS OF MEMORY AND            0 WORDS OF DISK SPACE

 SMALLEST AVAILABLE PROFILE ( 67) WITH EXPECTED EXECUTION TIME OF         0.52 SECONDS
 REQUIRES        42583 WORDS OF MEMORY AND            0 WORDS OF DISK SPACE

 SELECTED PROFILE  67 WITH EXPECTED EXECUTION TIME             0.521 SECONDS 
 ESTIMATED NUMBER OF CPHF ITERATIONS PER VARIABLE:    16
 MEMORY REQUIRED    :     42583 WORDS
  SETTING UP TOOK                                 0.000 SECONDS (EXPECTED          0.025)
  INTEGRALS TOOK                                  0.001 SECONDS (EXPECTED          0.482)
  Z-VECTOR RHS TOOK                               0.001 SECONDS (EXPECTED          0.010)
 USING CONSTANT SHIFT VALUE OF -.61772553062619E-01 A.U.
 USING CONSTANT SHIFT VALUE OF -.24992189376777     A.U.
 USING CONSTANT SHIFT VALUE OF -.98474223637397E-01 A.U.
  SHIFT TOOK                                      0.000 SECONDS (EXPECTED          0.001)
  CONDITIONER TOOK                                0.000 SECONDS (EXPECTED          0.000)
 USING LOCALLY ORTHOGONAL GENCG SOLVER.    1 EQUATIONS WILL BE SOLVED AT ONCE. 
   15 BASIS VECTORS WILL BE USED AS A STABILIZATION TRAIL.
 CPHF SOLUTION FOR VARIABLE     0 CONVERGED AFTER    14 ITERATIONS (ERR = 0.150681E-08)
 ITERATIVE SOLVER STATISTICS:
     CALLS TO SOLVER                                                1.
     LINEAR EQUATIONS SOLVED                                        1.
     ITERATIONS MADE                                               14.
     MAXIMUM ITERATIONS MADE FOR A BATCH OF RHS                    14.
     RESPONSE VECTORS COMPUTED                                     14.
     AVERAGE RESPONSE VECTORS PER VARIABLE                  14.0000000
     BASIS VECTORS REJECTED BY SVD                                  0.
     BASIS VECTORS REMOVED DUE TO MEMORY CONSTRAINTS                0.
     MAXIMUM NUMBER OF BASIS VECTORS USED                          14.

     DDOTs COMPUTED                                               525.
     DAXPYs COMPUTED                                              329.
     AUXILIARY LINEAR SYSTEMS SOLVED                               14.
     RESIDUALS CONPUTED                                            28.
     ORTHOGONALIZATION PROBLEMS SOLVED                             13.
     DEFECTIVE ORTHOGONALIZATIONS ENCOUNTERED                       0.
     SVD CALLS MADE                                                 0.
     SVD CUMULATIVE COMPLEXITY                                      0.
     BASIS SPACE COMPACTIONS                                        0.
     BASIS VECTORS REMOVED BY SHARED BASIS CONSTRAINTS              0.
  CPHF SOLUTION TOOK                              0.000 SECONDS (EXPECTED          0.002)
  Z-VECTOR MO TO AO TOOK                          0.000 SECONDS (EXPECTED          0.000)
  SUMMATION TOOK                                  0.000 SECONDS (EXPECTED          0.000)
  TOTAL TIME FOR ANALYTICAL DERIVATIVES           0.003 SECONDS (EXPECTED          0.521)
     TIME FOR GRADIENT EVALUATION     0.003 SECONDS



                          COORDINATES (ANGSTROM)               GRADIENTS (KCAL/(MOL*ANGSTROM))

        I   NI          X           Y           Z                X           Y           Z

        1      6     -0.54485157E+001    -0.12440657E+000    -0.57973816E+000        0.27130412E+002     0.42760670E+002     0.19663437E+002
        2      1     -0.51991346E+001    -0.43446146E+000    -0.15987658E+001        0.23104477E+002     0.34176059E+001     0.33096133E+002
        3      1     -0.62484434E+001    -0.53000271E+000     0.26524090E-001        0.21676455E+002     0.22502614E+002    -0.10168429E+002
        4      6     -0.39883493E+001     0.16912302E+001     0.50613681E+000        0.42997762E+002    -0.26824249E+002     0.27849462E+002
        5      1     -0.28995753E+001     0.17964806E+001     0.36667273E+000       -0.39656764E+002     0.11217454E+002    -0.19245714E+002
        6      1     -0.10836574E+002     0.22844266E+001     0.54210809E+001        0.20669380E-008    -0.41664083E-007    -0.24687686E-007
        7      8     -0.45647101E+001     0.68044825E+000    -0.10126509E+000       -0.75252342E+002    -0.53074095E+002    -0.51194890E+002


     CARTESIAN GRADIENT NORM                148.94693



     GRADIENTS FOR GEOMETRY OPTIMIZATION

        I   LOCATION             VARIABLE    GRADIENT



     GRADIENT NORM                            0.00000





 TIME FOR MULTIPLE CI RUNS        0.354 SECONDS


 -----------------------------------------------------------------------
 SUMMARY OF MULTIPLE CI CALCULATIONS

                                  CARTESIAN    OPTIMIZING
    I  STATE           ENERGY       QM NORM          NORM

    1    1          111.25805     126.11646       0.00000
    2    2          144.27647     118.66736       0.00000
    3    3          154.75050     148.94693       0.00000
 -----------------------------------------------------------------------




 -----------------------------------------------------------------------
 CI CALCULATION FOR INTERSTATE COUPLING OF STATES:  2   1
 -----------------------------------------------------------------------

 CI HEAT OF FORMATION       111.25805 KCAL/MOL

 CI DERIVATIVES ARE COMPUTED WITH: 
 NCIO   =       16 NCIC  =        1 ICIMOD =        6 ( GUGA-CI            ) 
 NCIGAM =     9316 NCIFS =        1 NCIES  =        1

  FASTEST AVAILABLE PROFILE ( 67) WITH EXPECTED EXECUTION TIME OF         0.52 SECONDS
 REQUIRES        42583 WORDS OF MEMORY AND            0 WORDS OF DISK SPACE

 SMALLEST AVAILABLE PROFILE ( 67) WITH EXPECTED EXECUTION TIME OF         0.52 SECONDS
 REQUIRES        42583 WORDS OF MEMORY AND            0 WORDS OF DISK SPACE

 SELECTED PROFILE  67 WITH EXPECTED EXECUTION TIME             0.521 SECONDS 
 ESTIMATED NUMBER OF CPHF ITERATIONS PER VARIABLE:    16
 MEMORY REQUIRED    :     42583 WORDS
  SETTING UP TOOK                                 0.000 SECONDS (EXPECTED          0.025)
  INTEGRALS TOOK                                  0.001 SECONDS (EXPECTED          0.482)
  Z-VECTOR RHS TOOK                               0.001 SECONDS (EXPECTED          0.010)
 USING CONSTANT SHIFT VALUE OF -.61772553062619E-01 A.U.
 USING CONSTANT SHIFT VALUE OF -.24992189376777     A.U.
 USING CONSTANT SHIFT VALUE OF -.98474223637397E-01 A.U.
  SHIFT TOOK                                      0.000 SECONDS (EXPECTED          0.001)
  CONDITIONER TOOK                                0.000 SECONDS (EXPECTED          0.000)
 USING LOCALLY ORTHOGONAL GENCG SOLVER.    1 EQUATIONS WILL BE SOLVED AT ONCE. 
   15 BASIS VECTORS WILL BE USED AS A STABILIZATION TRAIL.
 CPHF SOLUTION FOR VARIABLE     0 CONVERGED AFTER    13 ITERATIONS (ERR = 0.710706E-08)
 ITERATIVE SOLVER STATISTICS:
     CALLS TO SOLVER                                                1.
     LINEAR EQUATIONS SOLVED                                        1.
     ITERATIONS MADE                                               13.
     MAXIMUM ITERATIONS MADE FOR A BATCH OF RHS                    13.
     RESPONSE VECTORS COMPUTED                                     13.
     AVERAGE RESPONSE VECTORS PER VARIABLE                  13.0000000
     BASIS VECTORS REJECTED BY SVD                                  0.
     BASIS VECTORS REMOVED DUE TO MEMORY CONSTRAINTS                0.
     MAXIMUM NUMBER OF BASIS VECTORS USED                          13.

     DDOTs COMPUTED                                               455.
     DAXPYs COMPUTED                                              286.
     AUXILIARY LINEAR SYSTEMS SOLVED                               13.
     RESIDUALS CONPUTED                                            26.
     ORTHOGONALIZATION PROBLEMS SOLVED                             12.
     DEFECTIVE ORTHOGONALIZATIONS ENCOUNTERED                       0.
     SVD CALLS MADE                                                 0.
     SVD CUMULATIVE COMPLEXITY                                      0.
     BASIS SPACE COMPACTIONS                                        0.
     BASIS VECTORS REMOVED BY SHARED BASIS CONSTRAINTS              0.
  CPHF SOLUTION TOOK                              0.000 SECONDS (EXPECTED          0.002)
  Z-VECTOR MO TO AO TOOK                          0.000 SECONDS (EXPECTED          0.000)
  SUMMATION TOOK                                  0.001 SECONDS (EXPECTED          0.000)
  TOTAL TIME FOR ANALYTICAL DERIVATIVES           0.004 SECONDS (EXPECTED          0.521)



 NON-ADIABATIC COUPLING MATRIX ELEMENTS.

 FIRST TERM.

    1   -0.325644   -0.062174   -0.150177
    2    0.096756   -0.095064    0.049791
    3    0.053182   -0.145827    0.087432
    4   -0.602334    0.301911    0.454214
    5    0.554942   -0.260912   -0.182677
    6   -0.000000    0.000000   -0.000000
    7    0.223097    0.262067   -0.258583

 FIRST TERM PLUS SECOND TERM, FIRST PART.

    1   -0.567362   -0.510720   -0.310001
    2    0.073475   -0.123974   -0.031609
    3   -0.053947   -0.011921    0.032324
    4   -0.825238    0.496683    0.709280
    5    0.646170   -0.276511   -0.419587
    6   -0.000000    0.000000   -0.000000
    7    0.726902    0.426443    0.019593

 SECOND TERM, SECOND PART.

    1   -0.069908   -0.017705    0.092856
    2    0.006821   -0.012224   -0.008004
    3   -0.047742   -0.020565   -0.014658
    4    0.006856    0.001497    0.008249
    5   -0.008605    0.004666   -0.009035
    6    0.000000   -0.000000   -0.000000
    7    0.113985   -0.128812    0.065543

 COMPLETE EXPRESSION.

    1   -0.637271   -0.528426   -0.217145
    2    0.080297   -0.136198   -0.039613
    3   -0.101689   -0.032487    0.017666
    4   -0.818382    0.498180    0.717530
    5    0.637564   -0.271845   -0.428622
    6    0.000000   -0.000000   -0.000000
    7    0.840887    0.297630    0.085136



     TIME FOR GRADIENT EVALUATION     0.007 SECONDS



                          COORDINATES (ANGSTROM)               GRADIENTS (KCAL/(MOL*ANGSTROM))

        I   NI          X           Y           Z                X           Y           Z

        1      6     -0.54485157E+001    -0.12440657E+000    -0.57973816E+000       -0.63727070E+000    -0.52842566E+000    -0.21714505E+000
        2      1     -0.51991346E+001    -0.43446146E+000    -0.15987658E+001        0.80296671E-001    -0.13619821E+000    -0.39613163E-001
        3      1     -0.62484434E+001    -0.53000271E+000     0.26524090E-001       -0.10168916E+000    -0.32486549E-001     0.17665742E-001
        4      6     -0.39883493E+001     0.16912302E+001     0.50613681E+000       -0.81838177E+000     0.49818033E+000     0.71752964E+000
        5      1     -0.28995753E+001     0.17964806E+001     0.36667273E+000        0.63756407E+000    -0.27184480E+000    -0.42862189E+000
        6      1     -0.10836574E+002     0.22844266E+001     0.54210809E+001        0.80177646E-011    -0.80391776E-011    -0.34383788E-010
        7      8     -0.45647101E+001     0.68044825E+000    -0.10126509E+000        0.84088705E+000     0.29763027E+000     0.85135566E-001


     CARTESIAN GRADIENT NORM                  1.91588



     GRADIENTS FOR GEOMETRY OPTIMIZATION

        I   LOCATION             VARIABLE    GRADIENT



     GRADIENT NORM                            0.00000




 -----------------------------------------------------------------------
 CI CALCULATION FOR INTERSTATE COUPLING OF STATES:  3   1
 -----------------------------------------------------------------------

 CI HEAT OF FORMATION       111.25805 KCAL/MOL

 CI DERIVATIVES ARE COMPUTED WITH: 
 NCIO   =       16 NCIC  =        1 ICIMOD =        6 ( GUGA-CI            ) 
 NCIGAM =     9316 NCIFS =        1 NCIES  =        1

  FASTEST AVAILABLE PROFILE ( 67) WITH EXPECTED EXECUTION TIME OF         0.52 SECONDS
 REQUIRES        42583 WORDS OF MEMORY AND            0 WORDS OF DISK SPACE

 SMALLEST AVAILABLE PROFILE ( 67) WITH EXPECTED EXECUTION TIME OF         0.52 SECONDS
 REQUIRES        42583 WORDS OF MEMORY AND            0 WORDS OF DISK SPACE

 SELECTED PROFILE  67 WITH EXPECTED EXECUTION TIME             0.521 SECONDS 
 ESTIMATED NUMBER OF CPHF ITERATIONS PER VARIABLE:    16
 MEMORY REQUIRED    :     42583 WORDS
  SETTING UP TOOK                                 0.000 SECONDS (EXPECTED          0.025)
  INTEGRALS TOOK                                  0.003 SECONDS (EXPECTED          0.482)
  Z-VECTOR RHS TOOK                               0.002 SECONDS (EXPECTED          0.010)
 USING CONSTANT SHIFT VALUE OF -.61772553062619E-01 A.U.
 USING CONSTANT SHIFT VALUE OF -.24992189376777     A.U.
 USING CONSTANT SHIFT VALUE OF -.98474223637397E-01 A.U.
  SHIFT TOOK                                      0.000 SECONDS (EXPECTED          0.001)
  CONDITIONER TOOK                                0.000 SECONDS (EXPECTED          0.000)
 USING LOCALLY ORTHOGONAL GENCG SOLVER.    1 EQUATIONS WILL BE SOLVED AT ONCE. 
   15 BASIS VECTORS WILL BE USED AS A STABILIZATION TRAIL.
 CPHF SOLUTION FOR VARIABLE     0 CONVERGED AFTER    13 ITERATIONS (ERR = 0.825596E-08)
 ITERATIVE SOLVER STATISTICS:
     CALLS TO SOLVER                                                1.
     LINEAR EQUATIONS SOLVED                                        1.
     ITERATIONS MADE                                               13.
     MAXIMUM ITERATIONS MADE FOR A BATCH OF RHS                    13.
     RESPONSE VECTORS COMPUTED                                     13.
     AVERAGE RESPONSE VECTORS PER VARIABLE                  13.0000000
     BASIS VECTORS REJECTED BY SVD                                  0.
     BASIS VECTORS REMOVED DUE TO MEMORY CONSTRAINTS                0.
     MAXIMUM NUMBER OF BASIS VECTORS USED                          13.

     DDOTs COMPUTED                                               455.
     DAXPYs COMPUTED                                              286.
     AUXILIARY LINEAR SYSTEMS SOLVED                               13.
     RESIDUALS CONPUTED                                            26.
     ORTHOGONALIZATION PROBLEMS SOLVED                             12.
     DEFECTIVE ORTHOGONALIZATIONS ENCOUNTERED                       0.
     SVD CALLS MADE                                                 0.
     SVD CUMULATIVE COMPLEXITY                                      0.
     BASIS SPACE COMPACTIONS                                        0.
     BASIS VECTORS REMOVED BY SHARED BASIS CONSTRAINTS              0.
  CPHF SOLUTION TOOK                              0.000 SECONDS (EXPECTED          0.002)
  Z-VECTOR MO TO AO TOOK                          0.000 SECONDS (EXPECTED          0.000)
  SUMMATION TOOK                                  0.001 SECONDS (EXPECTED          0.000)
  TOTAL TIME FOR ANALYTICAL DERIVATIVES           0.006 SECONDS (EXPECTED          0.521)



 NON-ADIABATIC COUPLING MATRIX ELEMENTS.

 FIRST TERM.

    1    0.225419   -0.390158    0.248538
    2   -0.146580    0.142255   -0.229943
    3   -0.234051    0.297128   -0.140173
    4   -0.232950    0.144800    0.122249
    5   -0.112595    0.039897   -0.207273
    6   -0.000000    0.000000    0.000000
    7    0.500758   -0.233923    0.206602

 FIRST TERM PLUS SECOND TERM, FIRST PART.

    1    0.358913   -0.913801    0.924575
    2   -0.191791    0.514982    0.038851
    3   -0.366853    0.355469   -0.198153
    4   -0.524890    0.655613    0.023966
    5   -0.237254   -0.350206    0.056805
    6   -0.000000    0.000000   -0.000000
    7    0.961876   -0.262058   -0.846043

 SECOND TERM, SECOND PART.

    1    0.002140   -0.009434   -0.054213
    2   -0.001129   -0.015089    0.010352
    3   -0.021159    0.010614    0.012248
    4   -0.003821   -0.003066    0.006944
    5   -0.005282   -0.020682    0.019590
    6    0.000000   -0.000000   -0.000000
    7    0.129523    0.150437   -0.171397

 COMPLETE EXPRESSION.

    1    0.361053   -0.923234    0.870362
    2   -0.192920    0.499893    0.049202
    3   -0.388013    0.366083   -0.185905
    4   -0.528711    0.652546    0.030909
    5   -0.242535   -0.370888    0.076395
    6    0.000000   -0.000000   -0.000000
    7    1.091399   -0.111621   -1.017440



     TIME FOR GRADIENT EVALUATION     0.009 SECONDS



                          COORDINATES (ANGSTROM)               GRADIENTS (KCAL/(MOL*ANGSTROM))

        I   NI          X           Y           Z                X           Y           Z

        1      6     -0.54485157E+001    -0.12440657E+000    -0.57973816E+000        0.36105298E+000    -0.92323445E+000     0.87036180E+000
        2      1     -0.51991346E+001    -0.43446146E+000    -0.15987658E+001       -0.19292018E+000     0.49989324E+000     0.49202353E-001
        3      1     -0.62484434E+001    -0.53000271E+000     0.26524090E-001       -0.38801252E+000     0.36608305E+000    -0.18590469E+000
        4      6     -0.39883493E+001     0.16912302E+001     0.50613681E+000       -0.52871114E+000     0.65254649E+000     0.30909303E-001
        5      1     -0.28995753E+001     0.17964806E+001     0.36667273E+000       -0.24253536E+000    -0.37088755E+000     0.76394927E-001
        6      1     -0.10836574E+002     0.22844266E+001     0.54210809E+001        0.18423675E-010    -0.11919304E-010    -0.18121671E-010
        7      8     -0.45647101E+001     0.68044825E+000    -0.10126509E+000        0.10913990E+001    -0.11162099E+000    -0.10174401E+001


     CARTESIAN GRADIENT NORM                  2.34440



     GRADIENTS FOR GEOMETRY OPTIMIZATION

        I   LOCATION             VARIABLE    GRADIENT



     GRADIENT NORM                            0.00000




 -----------------------------------------------------------------------
 CI CALCULATION FOR INTERSTATE COUPLING OF STATES:  3   2
 -----------------------------------------------------------------------

 CI HEAT OF FORMATION       111.25805 KCAL/MOL

 CI DERIVATIVES ARE COMPUTED WITH: 
 NCIO   =       16 NCIC  =        1 ICIMOD =        6 ( GUGA-CI            ) 
 NCIGAM =     9316 NCIFS =        1 NCIES  =        1

  FASTEST AVAILABLE PROFILE ( 67) WITH EXPECTED EXECUTION TIME OF         0.52 SECONDS
 REQUIRES        42583 WORDS OF MEMORY AND            0 WORDS OF DISK SPACE

 SMALLEST AVAILABLE PROFILE ( 67) WITH EXPECTED EXECUTION TIME OF         0.52 SECONDS
 REQUIRES        42583 WORDS OF MEMORY AND            0 WORDS OF DISK SPACE

 SELECTED PROFILE  67 WITH EXPECTED EXECUTION TIME             0.521 SECONDS 
 ESTIMATED NUMBER OF CPHF ITERATIONS PER VARIABLE:    16
 MEMORY REQUIRED    :     42583 WORDS
  SETTING UP TOOK                                 0.000 SECONDS (EXPECTED          0.025)
  INTEGRALS TOOK                                  0.001 SECONDS (EXPECTED          0.482)
  Z-VECTOR RHS TOOK                               0.001 SECONDS (EXPECTED          0.010)
 USING CONSTANT SHIFT VALUE OF -.61772553062619E-01 A.U.
 USING CONSTANT SHIFT VALUE OF -.24992189376777     A.U.
 USING CONSTANT SHIFT VALUE OF -.98474223637397E-01 A.U.
  SHIFT TOOK                                      0.000 SECONDS (EXPECTED          0.001)
  CONDITIONER TOOK                                0.000 SECONDS (EXPECTED          0.000)
 USING LOCALLY ORTHOGONAL GENCG SOLVER.    1 EQUATIONS WILL BE SOLVED AT ONCE. 
   15 BASIS VECTORS WILL BE USED AS A STABILIZATION TRAIL.
 CPHF SOLUTION FOR VARIABLE     0 CONVERGED AFTER    13 ITERATIONS (ERR = 0.835736E-08)
 ITERATIVE SOLVER STATISTICS:
     CALLS TO SOLVER                                                1.
     LINEAR EQUATIONS SOLVED                                        1.
     ITERATIONS MADE                                               13.
     MAXIMUM ITERATIONS MADE FOR A BATCH OF RHS                    13.
     RESPONSE VECTORS COMPUTED                                     13.
     AVERAGE RESPONSE VECTORS PER VARIABLE                  13.0000000
     BASIS VECTORS REJECTED BY SVD                                  0.
     BASIS VECTORS REMOVED DUE TO MEMORY CONSTRAINTS                0.
     MAXIMUM NUMBER OF BASIS VECTORS USED                          13.

     DDOTs COMPUTED                                               455.
     DAXPYs COMPUTED                                              286.
     AUXILIARY LINEAR SYSTEMS SOLVED                               13.
     RESIDUALS CONPUTED                                            26.
     ORTHOGONALIZATION PROBLEMS SOLVED                             12.
     DEFECTIVE ORTHOGONALIZATIONS ENCOUNTERED                       0.
     SVD CALLS MADE                                                 0.
     SVD CUMULATIVE COMPLEXITY                                      0.
     BASIS SPACE COMPACTIONS                                        0.
     BASIS VECTORS REMOVED BY SHARED BASIS CONSTRAINTS              0.
  CPHF SOLUTION TOOK                              0.000 SECONDS (EXPECTED          0.002)
  Z-VECTOR MO TO AO TOOK                          0.000 SECONDS (EXPECTED          0.000)
  SUMMATION TOOK                                  0.000 SECONDS (EXPECTED          0.000)
  TOTAL TIME FOR ANALYTICAL DERIVATIVES           0.003 SECONDS (EXPECTED          0.521)



 NON-ADIABATIC COUPLING MATRIX ELEMENTS.

 FIRST TERM.

    1   -0.396041    2.419569    0.351480
    2    0.851220    0.225403    2.029622
    3    1.138714   -1.682870    0.881017
    4    0.347379    2.108016    1.029417
    5    0.781856   -1.532600    1.276492
    6    0.000000    0.000000   -0.000000
    7   -2.723128   -1.537518   -5.568028

 FIRST TERM PLUS SECOND TERM, FIRST PART.

    1    1.034926   -0.513854   -0.462472
    2   -0.746611    0.531271   -0.544293
    3   -0.253280    0.640789   -0.272500
    4   -0.279259    1.311692   -0.185580
    5   -0.054926    0.063359   -0.436591
    6    0.000000    0.000000   -0.000000
    7    0.299149   -2.033257    1.901436

 SECOND TERM, SECOND PART.

    1   -0.006878    0.036779    0.015587
    2    0.001471    0.002319   -0.008466
    3   -0.009012   -0.000466    0.001545
    4    0.021675   -0.036089    0.031709
    5    0.000801   -0.001908    0.002626
    6    0.000000   -0.000000   -0.000000
    7   -0.113999   -0.034167    0.052770

 COMPLETE EXPRESSION.

    1    1.028048   -0.477075   -0.446885
    2   -0.745140    0.533590   -0.552760
    3   -0.262292    0.640322   -0.270955
    4   -0.257584    1.275603   -0.153870
    5   -0.054125    0.061451   -0.433965
    6    0.000000    0.000000   -0.000000
    7    0.185150   -2.067424    1.954206



     TIME FOR GRADIENT EVALUATION     0.005 SECONDS



                          COORDINATES (ANGSTROM)               GRADIENTS (KCAL/(MOL*ANGSTROM))

        I   NI          X           Y           Z                X           Y           Z

        1      6     -0.54485157E+001    -0.12440657E+000    -0.57973816E+000        0.10280482E+001    -0.47707539E+000    -0.44688495E+000
        2      1     -0.51991346E+001    -0.43446146E+000    -0.15987658E+001       -0.74513975E+000     0.53358984E+000    -0.55275976E+000
        3      1     -0.62484434E+001    -0.53000271E+000     0.26524090E-001       -0.26229223E+000     0.64032246E+000    -0.27095537E+000
        4      6     -0.39883493E+001     0.16912302E+001     0.50613681E+000       -0.25758395E+000     0.12756033E+001    -0.15387041E+000
        5      1     -0.28995753E+001     0.17964806E+001     0.36667273E+000       -0.54124597E-001     0.61450947E-001    -0.43396478E+000
        6      1     -0.10836574E+002     0.22844266E+001     0.54210809E+001        0.23155799E-010     0.16146879E-010    -0.22068437E-010
        7      8     -0.45647101E+001     0.68044825E+000    -0.10126509E+000        0.18514955E+000    -0.20674243E+001     0.19542060E+001


     CARTESIAN GRADIENT NORM                  3.63615



     GRADIENTS FOR GEOMETRY OPTIMIZATION

        I   LOCATION             VARIABLE    GRADIENT



     GRADIENT NORM                            0.00000





 TIME FOR INTERSTATE CI RUNS       0.068 SECONDS


 -----------------------------------------------------------------------
 SUMMARY OF INTERSTATE COUPLING CALCULATIONS

         STATES                   CARTESIAN    OPTIMIZING
   IJ    I    J                     QM NORM          NORM

    1    2    1                     1.91588       0.00000
    2    3    1                     2.34440       0.00000
    3    3    2                     3.63615       0.00000
 -----------------------------------------------------------------------



 COMPUTATION TIME                 0.427 SECONDS


